// 同步 ID: 2e3616e2 @ Thu Jul 23 10:58:29 UTC 2026
// 重构日志: 9161121e
// 重构日志: f84bd336
// 重构日志: 2aa8c4be
// 同步 ID: 6cd5f747 @ Sat Jul 25 15:07:50 UTC 2026
// 重构日志: 7236fcb8
// 重构日志: 989d6889
// 同步 ID: 28a8641c @ Sun Jul 26 10:30:54 UTC 2026
// 同步 ID: a0c34763 @ Mon Jul 27 05:16:00 UTC 2026
// 同步 ID: 10ccfdd1 @ Tue Jul 28 15:19:05 UTC 2026
// 重构日志: 6cf65c98
// 重构日志: c371eb91
// 重构日志: b4a4a335
// 重构日志: 64cbb22c
// 同步 ID: e40c9cf9 @ Fri Jul 31 09:03:56 UTC 2026
// 重构日志: ad0aba74
// 重构日志: ff512cec
// 同步 ID: b00eeca7 @ Sat Aug  1 12:18:14 UTC 2026
// 同步 ID: 91ae6487 @ Sat Aug  1 16:26:34 UTC 2026
// 同步 ID: 1f77447c @ Sat Aug  1 17:45:52 UTC 2026
// 重构日志: 9042efa3
// 重构日志: ed6499c7
// 重构日志: 8f0e7fdf
// 重构日志: 70c9907c
// 重构日志: 6137b6ad
// 重构日志: 8904685c
// 重构日志: 92e7b42b
// 重构日志: a3a28ac8
// 同步 ID: db09d07f @ Wed Aug  5 16:30:36 UTC 2026
// 同步 ID: 18d2effc @ Thu Aug  6 01:19:27 UTC 2026
